error TS6305: Output file 'D:/Shivam/SpendWise/SpendWiseWeb/src/app/actions/categories.d.ts' has not been built from source file 'D:/Shivam/SpendWise/SpendWiseWeb/src/app/actions/categories.ts'.
  The file is in the program because:
    Matched by include pattern '**/*.ts' in 'D:/Shivam/SpendWise/SpendWiseWeb/tsconfig.json'
error TS6305: Output file 'D:/Shivam/SpendWise/SpendWiseWeb/src/app/actions/expenses.d.ts' has not been built from source file 'D:/Shivam/SpendWise/SpendWiseWeb/src/app/actions/expenses.ts'.
  The file is in the program because:
    Matched by include pattern '**/*.ts' in 'D:/Shivam/SpendWise/SpendWiseWeb/tsconfig.json'
error TS6305: Output file 'D:/Shivam/SpendWise/SpendWiseWeb/src/app/actions/hub-reports.d.ts' has not been built from source file 'D:/Shivam/SpendWise/SpendWiseWeb/src/app/actions/hub-reports.ts'.
  The file is in the program because:
    Matched by include pattern '**/*.ts' in 'D:/Shivam/SpendWise/SpendWiseWeb/tsconfig.json'
error TS6305: Output file 'D:/Shivam/SpendWise/SpendWiseWeb/src/app/actions/mutual-funds.d.ts' has not been built from source file 'D:/Shivam/SpendWise/SpendWiseWeb/src/app/actions/mutual-funds.ts'.
  The file is in the program because:
    Matched by include pattern '**/*.ts' in 'D:/Shivam/SpendWise/SpendWiseWeb/tsconfig.json'
error TS6305: Output file 'D:/Shivam/SpendWise/SpendWiseWeb/src/app/actions/reports.d.ts' has not been built from source file 'D:/Shivam/SpendWise/SpendWiseWeb/src/app/actions/reports.ts'.
  The file is in the program because:
    Matched by include pattern '**/*.ts' in 'D:/Shivam/SpendWise/SpendWiseWeb/tsconfig.json'
error TS6305: Output file 'D:/Shivam/SpendWise/SpendWiseWeb/src/app/actions/stocks.d.ts' has not been built from source file 'D:/Shivam/SpendWise/SpendWiseWeb/src/app/actions/stocks.ts'.
  The file is in the program because:
    Matched by include pattern '**/*.ts' in 'D:/Shivam/SpendWise/SpendWiseWeb/tsconfig.json'
error TS6305: Output file 'D:/Shivam/SpendWise/SpendWiseWeb/src/app/actions/user.d.ts' has not been built from source file 'D:/Shivam/SpendWise/SpendWiseWeb/src/app/actions/user.ts'.
  The file is in the program because:
    Matched by include pattern '**/*.ts' in 'D:/Shivam/SpendWise/SpendWiseWeb/tsconfig.json'
error TS6305: Output file 'D:/Shivam/SpendWise/SpendWiseWeb/src/app/api/cron/recurring/route.d.ts' has not been built from source file 'D:/Shivam/SpendWise/SpendWiseWeb/src/app/api/cron/recurring/route.ts'.
  The file is in the program because:
    Matched by include pattern '**/*.ts' in 'D:/Shivam/SpendWise/SpendWiseWeb/tsconfig.json'
error TS6305: Output file 'D:/Shivam/SpendWise/SpendWiseWeb/src/app/api/cron/reports/route.d.ts' has not been built from source file 'D:/Shivam/SpendWise/SpendWiseWeb/src/app/api/cron/reports/route.ts'.
  The file is in the program because:
    Matched by include pattern '**/*.ts' in 'D:/Shivam/SpendWise/SpendWiseWeb/tsconfig.json'
error TS6305: Output file 'D:/Shivam/SpendWise/SpendWiseWeb/src/app/api/reports/download/route.d.ts' has not been built from source file 'D:/Shivam/SpendWise/SpendWiseWeb/src/app/api/reports/download/route.ts'.
  The file is in the program because:
    Matched by include pattern '**/*.ts' in 'D:/Shivam/SpendWise/SpendWiseWeb/tsconfig.json'
error TS6305: Output file 'D:/Shivam/SpendWise/SpendWiseWeb/src/app/categories/CategoriesClient.d.ts' has not been built from source file 'D:/Shivam/SpendWise/SpendWiseWeb/src/app/categories/CategoriesClient.tsx'.
  The file is in the program because:
    Matched by include pattern '**/*.tsx' in 'D:/Shivam/SpendWise/SpendWiseWeb/tsconfig.json'
error TS6305: Output file 'D:/Shivam/SpendWise/SpendWiseWeb/src/app/categories/page.d.ts' has not been built from source file 'D:/Shivam/SpendWise/SpendWiseWeb/src/app/categories/page.tsx'.
  The file is in the program because:
    Matched by include pattern '**/*.tsx' in 'D:/Shivam/SpendWise/SpendWiseWeb/tsconfig.json'
error TS6305: Output file 'D:/Shivam/SpendWise/SpendWiseWeb/src/app/dashboard/DashboardClient.d.ts' has not been built from source file 'D:/Shivam/SpendWise/SpendWiseWeb/src/app/dashboard/DashboardClient.tsx'.
  The file is in the program because:
    Matched by include pattern '**/*.tsx' in 'D:/Shivam/SpendWise/SpendWiseWeb/tsconfig.json'
error TS6305: Output file 'D:/Shivam/SpendWise/SpendWiseWeb/src/app/dashboard/page.d.ts' has not been built from source file 'D:/Shivam/SpendWise/SpendWiseWeb/src/app/dashboard/page.tsx'.
  The file is in the program because:
    Matched by include pattern '**/*.tsx' in 'D:/Shivam/SpendWise/SpendWiseWeb/tsconfig.json'
error TS6305: Output file 'D:/Shivam/SpendWise/SpendWiseWeb/src/app/expenses/ExpensesClient.d.ts' has not been built from source file 'D:/Shivam/SpendWise/SpendWiseWeb/src/app/expenses/ExpensesClient.tsx'.
  The file is in the program because:
    Matched by include pattern '**/*.tsx' in 'D:/Shivam/SpendWise/SpendWiseWeb/tsconfig.json'
error TS6305: Output file 'D:/Shivam/SpendWise/SpendWiseWeb/src/app/expenses/page.d.ts' has not been built from source file 'D:/Shivam/SpendWise/SpendWiseWeb/src/app/expenses/page.tsx'.
  The file is in the program because:
    Matched by include pattern '**/*.tsx' in 'D:/Shivam/SpendWise/SpendWiseWeb/tsconfig.json'
error TS6305: Output file 'D:/Shivam/SpendWise/SpendWiseWeb/src/app/layout.d.ts' has not been built from source file 'D:/Shivam/SpendWise/SpendWiseWeb/src/app/layout.tsx'.
  The file is in the program because:
    Matched by include pattern '**/*.tsx' in 'D:/Shivam/SpendWise/SpendWiseWeb/tsconfig.json'
error TS6305: Output file 'D:/Shivam/SpendWise/SpendWiseWeb/src/app/mutual-funds/MutualFundsClient.d.ts' has not been built from source file 'D:/Shivam/SpendWise/SpendWiseWeb/src/app/mutual-funds/MutualFundsClient.tsx'.
  The file is in the program because:
    Matched by include pattern '**/*.tsx' in 'D:/Shivam/SpendWise/SpendWiseWeb/tsconfig.json'
error TS6305: Output file 'D:/Shivam/SpendWise/SpendWiseWeb/src/app/mutual-funds/page.d.ts' has not been built from source file 'D:/Shivam/SpendWise/SpendWiseWeb/src/app/mutual-funds/page.tsx'.
  The file is in the program because:
    Matched by include pattern '**/*.tsx' in 'D:/Shivam/SpendWise/SpendWiseWeb/tsconfig.json'
error TS6305: Output file 'D:/Shivam/SpendWise/SpendWiseWeb/src/app/page.d.ts' has not been built from source file 'D:/Shivam/SpendWise/SpendWiseWeb/src/app/page.tsx'.
  The file is in the program because:
    Matched by include pattern '**/*.tsx' in 'D:/Shivam/SpendWise/SpendWiseWeb/tsconfig.json'
error TS6305: Output file 'D:/Shivam/SpendWise/SpendWiseWeb/src/app/settings/SettingsClient.d.ts' has not been built from source file 'D:/Shivam/SpendWise/SpendWiseWeb/src/app/settings/SettingsClient.tsx'.
  The file is in the program because:
    Matched by include pattern '**/*.tsx' in 'D:/Shivam/SpendWise/SpendWiseWeb/tsconfig.json'
error TS6305: Output file 'D:/Shivam/SpendWise/SpendWiseWeb/src/app/settings/page.d.ts' has not been built from source file 'D:/Shivam/SpendWise/SpendWiseWeb/src/app/settings/page.tsx'.
  The file is in the program because:
    Matched by include pattern '**/*.tsx' in 'D:/Shivam/SpendWise/SpendWiseWeb/tsconfig.json'
error TS6305: Output file 'D:/Shivam/SpendWise/SpendWiseWeb/src/app/stocks/StocksClient.d.ts' has not been built from source file 'D:/Shivam/SpendWise/SpendWiseWeb/src/app/stocks/StocksClient.tsx'.
  The file is in the program because:
    Matched by include pattern '**/*.tsx' in 'D:/Shivam/SpendWise/SpendWiseWeb/tsconfig.json'
error TS6305: Output file 'D:/Shivam/SpendWise/SpendWiseWeb/src/app/stocks/page.d.ts' has not been built from source file 'D:/Shivam/SpendWise/SpendWiseWeb/src/app/stocks/page.tsx'.
  The file is in the program because:
    Matched by include pattern '**/*.tsx' in 'D:/Shivam/SpendWise/SpendWiseWeb/tsconfig.json'
error TS6305: Output file 'D:/Shivam/SpendWise/SpendWiseWeb/src/components/NavLink.d.ts' has not been built from source file 'D:/Shivam/SpendWise/SpendWiseWeb/src/components/NavLink.tsx'.
  The file is in the program because:
    Matched by include pattern '**/*.tsx' in 'D:/Shivam/SpendWise/SpendWiseWeb/tsconfig.json'
error TS6305: Output file 'D:/Shivam/SpendWise/SpendWiseWeb/src/components/categories/SortableCategoryCard.d.ts' has not been built from source file 'D:/Shivam/SpendWise/SpendWiseWeb/src/components/categories/SortableCategoryCard.tsx'.
  The file is in the program because:
    Matched by include pattern '**/*.tsx' in 'D:/Shivam/SpendWise/SpendWiseWeb/tsconfig.json'
error TS6305: Output file 'D:/Shivam/SpendWise/SpendWiseWeb/src/components/dashboard/SortableDashboardCard.d.ts' has not been built from source file 'D:/Shivam/SpendWise/SpendWiseWeb/src/components/dashboard/SortableDashboardCard.tsx'.
  The file is in the program because:
    Matched by include pattern '**/*.tsx' in 'D:/Shivam/SpendWise/SpendWiseWeb/tsconfig.json'
error TS6305: Output file 'D:/Shivam/SpendWise/SpendWiseWeb/src/components/expenses/BudgetGroupCard.d.ts' has not been built from source file 'D:/Shivam/SpendWise/SpendWiseWeb/src/components/expenses/BudgetGroupCard.tsx'.
  The file is in the program because:
    Matched by include pattern '**/*.tsx' in 'D:/Shivam/SpendWise/SpendWiseWeb/tsconfig.json'
error TS6305: Output file 'D:/Shivam/SpendWise/SpendWiseWeb/src/components/expenses/CategoryBudgetTracker.d.ts' has not been built from source file 'D:/Shivam/SpendWise/SpendWiseWeb/src/components/expenses/CategoryBudgetTracker.tsx'.
  The file is in the program because:
    Matched by include pattern '**/*.tsx' in 'D:/Shivam/SpendWise/SpendWiseWeb/tsconfig.json'
error TS6305: Output file 'D:/Shivam/SpendWise/SpendWiseWeb/src/components/expenses/CategoryTracker.d.ts' has not been built from source file 'D:/Shivam/SpendWise/SpendWiseWeb/src/components/expenses/CategoryTracker.tsx'.
  The file is in the program because:
    Matched by include pattern '**/*.tsx' in 'D:/Shivam/SpendWise/SpendWiseWeb/tsconfig.json'
error TS6305: Output file 'D:/Shivam/SpendWise/SpendWiseWeb/src/components/expenses/SortableExpenseCard.d.ts' has not been built from source file 'D:/Shivam/SpendWise/SpendWiseWeb/src/components/expenses/SortableExpenseCard.tsx'.
  The file is in the program because:
    Matched by include pattern '**/*.tsx' in 'D:/Shivam/SpendWise/SpendWiseWeb/tsconfig.json'
error TS6305: Output file 'D:/Shivam/SpendWise/SpendWiseWeb/src/components/layout/AppSidebar.d.ts' has not been built from source file 'D:/Shivam/SpendWise/SpendWiseWeb/src/components/layout/AppSidebar.tsx'.
  The file is in the program because:
    Matched by include pattern '**/*.tsx' in 'D:/Shivam/SpendWise/SpendWiseWeb/tsconfig.json'
error TS6305: Output file 'D:/Shivam/SpendWise/SpendWiseWeb/src/components/layout/DashboardLayout.d.ts' has not been built from source file 'D:/Shivam/SpendWise/SpendWiseWeb/src/components/layout/DashboardLayout.tsx'.
  The file is in the program because:
    Matched by include pattern '**/*.tsx' in 'D:/Shivam/SpendWise/SpendWiseWeb/tsconfig.json'
error TS6305: Output file 'D:/Shivam/SpendWise/SpendWiseWeb/src/components/theme-provider.d.ts' has not been built from source file 'D:/Shivam/SpendWise/SpendWiseWeb/src/components/theme-provider.tsx'.
  The file is in the program because:
    Matched by include pattern '**/*.tsx' in 'D:/Shivam/SpendWise/SpendWiseWeb/tsconfig.json'
error TS6305: Output file 'D:/Shivam/SpendWise/SpendWiseWeb/src/components/ui/accordion.d.ts' has not been built from source file 'D:/Shivam/SpendWise/SpendWiseWeb/src/components/ui/accordion.tsx'.
  The file is in the program because:
    Matched by include pattern '**/*.tsx' in 'D:/Shivam/SpendWise/SpendWiseWeb/tsconfig.json'
error TS6305: Output file 'D:/Shivam/SpendWise/SpendWiseWeb/src/components/ui/alert-dialog.d.ts' has not been built from source file 'D:/Shivam/SpendWise/SpendWiseWeb/src/components/ui/alert-dialog.tsx'.
  The file is in the program because:
    Matched by include pattern '**/*.tsx' in 'D:/Shivam/SpendWise/SpendWiseWeb/tsconfig.json'
error TS6305: Output file 'D:/Shivam/SpendWise/SpendWiseWeb/src/components/ui/alert.d.ts' has not been built from source file 'D:/Shivam/SpendWise/SpendWiseWeb/src/components/ui/alert.tsx'.
  The file is in the program because:
    Matched by include pattern '**/*.tsx' in 'D:/Shivam/SpendWise/SpendWiseWeb/tsconfig.json'
error TS6305: Output file 'D:/Shivam/SpendWise/SpendWiseWeb/src/components/ui/aspect-ratio.d.ts' has not been built from source file 'D:/Shivam/SpendWise/SpendWiseWeb/src/components/ui/aspect-ratio.tsx'.
  The file is in the program because:
    Matched by include pattern '**/*.tsx' in 'D:/Shivam/SpendWise/SpendWiseWeb/tsconfig.json'
error TS6305: Output file 'D:/Shivam/SpendWise/SpendWiseWeb/src/components/ui/avatar.d.ts' has not been built from source file 'D:/Shivam/SpendWise/SpendWiseWeb/src/components/ui/avatar.tsx'.
  The file is in the program because:
    Matched by include pattern '**/*.tsx' in 'D:/Shivam/SpendWise/SpendWiseWeb/tsconfig.json'
error TS6305: Output file 'D:/Shivam/SpendWise/SpendWiseWeb/src/components/ui/badge.d.ts' has not been built from source file 'D:/Shivam/SpendWise/SpendWiseWeb/src/components/ui/badge.tsx'.
  The file is in the program because:
    Matched by include pattern '**/*.tsx' in 'D:/Shivam/SpendWise/SpendWiseWeb/tsconfig.json'
error TS6305: Output file 'D:/Shivam/SpendWise/SpendWiseWeb/src/components/ui/breadcrumb.d.ts' has not been built from source file 'D:/Shivam/SpendWise/SpendWiseWeb/src/components/ui/breadcrumb.tsx'.
  The file is in the program because:
    Matched by include pattern '**/*.tsx' in 'D:/Shivam/SpendWise/SpendWiseWeb/tsconfig.json'
error TS6305: Output file 'D:/Shivam/SpendWise/SpendWiseWeb/src/components/ui/button.d.ts' has not been built from source file 'D:/Shivam/SpendWise/SpendWiseWeb/src/components/ui/button.tsx'.
  The file is in the program because:
    Matched by include pattern '**/*.tsx' in 'D:/Shivam/SpendWise/SpendWiseWeb/tsconfig.json'
error TS6305: Output file 'D:/Shivam/SpendWise/SpendWiseWeb/src/components/ui/calendar.d.ts' has not been built from source file 'D:/Shivam/SpendWise/SpendWiseWeb/src/components/ui/calendar.tsx'.
  The file is in the program because:
    Matched by include pattern '**/*.tsx' in 'D:/Shivam/SpendWise/SpendWiseWeb/tsconfig.json'
error TS6305: Output file 'D:/Shivam/SpendWise/SpendWiseWeb/src/components/ui/card.d.ts' has not been built from source file 'D:/Shivam/SpendWise/SpendWiseWeb/src/components/ui/card.tsx'.
  The file is in the program because:
    Matched by include pattern '**/*.tsx' in 'D:/Shivam/SpendWise/SpendWiseWeb/tsconfig.json'
error TS6305: Output file 'D:/Shivam/SpendWise/SpendWiseWeb/src/components/ui/carousel.d.ts' has not been built from source file 'D:/Shivam/SpendWise/SpendWiseWeb/src/components/ui/carousel.tsx'.
  The file is in the program because:
    Matched by include pattern '**/*.tsx' in 'D:/Shivam/SpendWise/SpendWiseWeb/tsconfig.json'
error TS6305: Output file 'D:/Shivam/SpendWise/SpendWiseWeb/src/components/ui/chart.d.ts' has not been built from source file 'D:/Shivam/SpendWise/SpendWiseWeb/src/components/ui/chart.tsx'.
  The file is in the program because:
    Matched by include pattern '**/*.tsx' in 'D:/Shivam/SpendWise/SpendWiseWeb/tsconfig.json'
error TS6305: Output file 'D:/Shivam/SpendWise/SpendWiseWeb/src/components/ui/checkbox.d.ts' has not been built from source file 'D:/Shivam/SpendWise/SpendWiseWeb/src/components/ui/checkbox.tsx'.
  The file is in the program because:
    Matched by include pattern '**/*.tsx' in 'D:/Shivam/SpendWise/SpendWiseWeb/tsconfig.json'
error TS6305: Output file 'D:/Shivam/SpendWise/SpendWiseWeb/src/components/ui/collapsible.d.ts' has not been built from source file 'D:/Shivam/SpendWise/SpendWiseWeb/src/components/ui/collapsible.tsx'.
  The file is in the program because:
    Matched by include pattern '**/*.tsx' in 'D:/Shivam/SpendWise/SpendWiseWeb/tsconfig.json'
error TS6305: Output file 'D:/Shivam/SpendWise/SpendWiseWeb/src/components/ui/command.d.ts' has not been built from source file 'D:/Shivam/SpendWise/SpendWiseWeb/src/components/ui/command.tsx'.
  The file is in the program because:
    Matched by include pattern '**/*.tsx' in 'D:/Shivam/SpendWise/SpendWiseWeb/tsconfig.json'
error TS6305: Output file 'D:/Shivam/SpendWise/SpendWiseWeb/src/components/ui/context-menu.d.ts' has not been built from source file 'D:/Shivam/SpendWise/SpendWiseWeb/src/components/ui/context-menu.tsx'.
  The file is in the program because:
    Matched by include pattern '**/*.tsx' in 'D:/Shivam/SpendWise/SpendWiseWeb/tsconfig.json'
error TS6305: Output file 'D:/Shivam/SpendWise/SpendWiseWeb/src/components/ui/dialog.d.ts' has not been built from source file 'D:/Shivam/SpendWise/SpendWiseWeb/src/components/ui/dialog.tsx'.
  The file is in the program because:
    Matched by include pattern '**/*.tsx' in 'D:/Shivam/SpendWise/SpendWiseWeb/tsconfig.json'
error TS6305: Output file 'D:/Shivam/SpendWise/SpendWiseWeb/src/components/ui/drawer.d.ts' has not been built from source file 'D:/Shivam/SpendWise/SpendWiseWeb/src/components/ui/drawer.tsx'.
  The file is in the program because:
    Matched by include pattern '**/*.tsx' in 'D:/Shivam/SpendWise/SpendWiseWeb/tsconfig.json'
error TS6305: Output file 'D:/Shivam/SpendWise/SpendWiseWeb/src/components/ui/dropdown-menu.d.ts' has not been built from source file 'D:/Shivam/SpendWise/SpendWiseWeb/src/components/ui/dropdown-menu.tsx'.
  The file is in the program because:
    Matched by include pattern '**/*.tsx' in 'D:/Shivam/SpendWise/SpendWiseWeb/tsconfig.json'
error TS6305: Output file 'D:/Shivam/SpendWise/SpendWiseWeb/src/components/ui/form.d.ts' has not been built from source file 'D:/Shivam/SpendWise/SpendWiseWeb/src/components/ui/form.tsx'.
  The file is in the program because:
    Matched by include pattern '**/*.tsx' in 'D:/Shivam/SpendWise/SpendWiseWeb/tsconfig.json'
error TS6305: Output file 'D:/Shivam/SpendWise/SpendWiseWeb/src/components/ui/glass-card.d.ts' has not been built from source file 'D:/Shivam/SpendWise/SpendWiseWeb/src/components/ui/glass-card.tsx'.
  The file is in the program because:
    Matched by include pattern '**/*.tsx' in 'D:/Shivam/SpendWise/SpendWiseWeb/tsconfig.json'
error TS6305: Output file 'D:/Shivam/SpendWise/SpendWiseWeb/src/components/ui/hover-card.d.ts' has not been built from source file 'D:/Shivam/SpendWise/SpendWiseWeb/src/components/ui/hover-card.tsx'.
  The file is in the program because:
    Matched by include pattern '**/*.tsx' in 'D:/Shivam/SpendWise/SpendWiseWeb/tsconfig.json'
error TS6305: Output file 'D:/Shivam/SpendWise/SpendWiseWeb/src/components/ui/input-otp.d.ts' has not been built from source file 'D:/Shivam/SpendWise/SpendWiseWeb/src/components/ui/input-otp.tsx'.
  The file is in the program because:
    Matched by include pattern '**/*.tsx' in 'D:/Shivam/SpendWise/SpendWiseWeb/tsconfig.json'
error TS6305: Output file 'D:/Shivam/SpendWise/SpendWiseWeb/src/components/ui/input.d.ts' has not been built from source file 'D:/Shivam/SpendWise/SpendWiseWeb/src/components/ui/input.tsx'.
  The file is in the program because:
    Matched by include pattern '**/*.tsx' in 'D:/Shivam/SpendWise/SpendWiseWeb/tsconfig.json'
error TS6305: Output file 'D:/Shivam/SpendWise/SpendWiseWeb/src/components/ui/label.d.ts' has not been built from source file 'D:/Shivam/SpendWise/SpendWiseWeb/src/components/ui/label.tsx'.
  The file is in the program because:
    Matched by include pattern '**/*.tsx' in 'D:/Shivam/SpendWise/SpendWiseWeb/tsconfig.json'
error TS6305: Output file 'D:/Shivam/SpendWise/SpendWiseWeb/src/components/ui/menubar.d.ts' has not been built from source file 'D:/Shivam/SpendWise/SpendWiseWeb/src/components/ui/menubar.tsx'.
  The file is in the program because:
    Matched by include pattern '**/*.tsx' in 'D:/Shivam/SpendWise/SpendWiseWeb/tsconfig.json'
error TS6305: Output file 'D:/Shivam/SpendWise/SpendWiseWeb/src/components/ui/navigation-menu.d.ts' has not been built from source file 'D:/Shivam/SpendWise/SpendWiseWeb/src/components/ui/navigation-menu.tsx'.
  The file is in the program because:
    Matched by include pattern '**/*.tsx' in 'D:/Shivam/SpendWise/SpendWiseWeb/tsconfig.json'
error TS6305: Output file 'D:/Shivam/SpendWise/SpendWiseWeb/src/components/ui/pagination.d.ts' has not been built from source file 'D:/Shivam/SpendWise/SpendWiseWeb/src/components/ui/pagination.tsx'.
  The file is in the program because:
    Matched by include pattern '**/*.tsx' in 'D:/Shivam/SpendWise/SpendWiseWeb/tsconfig.json'
error TS6305: Output file 'D:/Shivam/SpendWise/SpendWiseWeb/src/components/ui/popover.d.ts' has not been built from source file 'D:/Shivam/SpendWise/SpendWiseWeb/src/components/ui/popover.tsx'.
  The file is in the program because:
    Matched by include pattern '**/*.tsx' in 'D:/Shivam/SpendWise/SpendWiseWeb/tsconfig.json'
error TS6305: Output file 'D:/Shivam/SpendWise/SpendWiseWeb/src/components/ui/progress.d.ts' has not been built from source file 'D:/Shivam/SpendWise/SpendWiseWeb/src/components/ui/progress.tsx'.
  The file is in the program because:
    Matched by include pattern '**/*.tsx' in 'D:/Shivam/SpendWise/SpendWiseWeb/tsconfig.json'
error TS6305: Output file 'D:/Shivam/SpendWise/SpendWiseWeb/src/components/ui/radio-group.d.ts' has not been built from source file 'D:/Shivam/SpendWise/SpendWiseWeb/src/components/ui/radio-group.tsx'.
  The file is in the program because:
    Matched by include pattern '**/*.tsx' in 'D:/Shivam/SpendWise/SpendWiseWeb/tsconfig.json'
error TS6305: Output file 'D:/Shivam/SpendWise/SpendWiseWeb/src/components/ui/resizable.d.ts' has not been built from source file 'D:/Shivam/SpendWise/SpendWiseWeb/src/components/ui/resizable.tsx'.
  The file is in the program because:
    Matched by include pattern '**/*.tsx' in 'D:/Shivam/SpendWise/SpendWiseWeb/tsconfig.json'
error TS6305: Output file 'D:/Shivam/SpendWise/SpendWiseWeb/src/components/ui/scroll-area.d.ts' has not been built from source file 'D:/Shivam/SpendWise/SpendWiseWeb/src/components/ui/scroll-area.tsx'.
  The file is in the program because:
    Matched by include pattern '**/*.tsx' in 'D:/Shivam/SpendWise/SpendWiseWeb/tsconfig.json'
error TS6305: Output file 'D:/Shivam/SpendWise/SpendWiseWeb/src/components/ui/select.d.ts' has not been built from source file 'D:/Shivam/SpendWise/SpendWiseWeb/src/components/ui/select.tsx'.
  The file is in the program because:
    Matched by include pattern '**/*.tsx' in 'D:/Shivam/SpendWise/SpendWiseWeb/tsconfig.json'
error TS6305: Output file 'D:/Shivam/SpendWise/SpendWiseWeb/src/components/ui/separator.d.ts' has not been built from source file 'D:/Shivam/SpendWise/SpendWiseWeb/src/components/ui/separator.tsx'.
  The file is in the program because:
    Matched by include pattern '**/*.tsx' in 'D:/Shivam/SpendWise/SpendWiseWeb/tsconfig.json'
error TS6305: Output file 'D:/Shivam/SpendWise/SpendWiseWeb/src/components/ui/sheet.d.ts' has not been built from source file 'D:/Shivam/SpendWise/SpendWiseWeb/src/components/ui/sheet.tsx'.
  The file is in the program because:
    Matched by include pattern '**/*.tsx' in 'D:/Shivam/SpendWise/SpendWiseWeb/tsconfig.json'
error TS6305: Output file 'D:/Shivam/SpendWise/SpendWiseWeb/src/components/ui/sidebar.d.ts' has not been built from source file 'D:/Shivam/SpendWise/SpendWiseWeb/src/components/ui/sidebar.tsx'.
  The file is in the program because:
    Matched by include pattern '**/*.tsx' in 'D:/Shivam/SpendWise/SpendWiseWeb/tsconfig.json'
error TS6305: Output file 'D:/Shivam/SpendWise/SpendWiseWeb/src/components/ui/skeleton.d.ts' has not been built from source file 'D:/Shivam/SpendWise/SpendWiseWeb/src/components/ui/skeleton.tsx'.
  The file is in the program because:
    Matched by include pattern '**/*.tsx' in 'D:/Shivam/SpendWise/SpendWiseWeb/tsconfig.json'
error TS6305: Output file 'D:/Shivam/SpendWise/SpendWiseWeb/src/components/ui/slider.d.ts' has not been built from source file 'D:/Shivam/SpendWise/SpendWiseWeb/src/components/ui/slider.tsx'.
  The file is in the program because:
    Matched by include pattern '**/*.tsx' in 'D:/Shivam/SpendWise/SpendWiseWeb/tsconfig.json'
error TS6305: Output file 'D:/Shivam/SpendWise/SpendWiseWeb/src/components/ui/sonner.d.ts' has not been built from source file 'D:/Shivam/SpendWise/SpendWiseWeb/src/components/ui/sonner.tsx'.
  The file is in the program because:
    Matched by include pattern '**/*.tsx' in 'D:/Shivam/SpendWise/SpendWiseWeb/tsconfig.json'
error TS6305: Output file 'D:/Shivam/SpendWise/SpendWiseWeb/src/components/ui/stat-card.d.ts' has not been built from source file 'D:/Shivam/SpendWise/SpendWiseWeb/src/components/ui/stat-card.tsx'.
  The file is in the program because:
    Matched by include pattern '**/*.tsx' in 'D:/Shivam/SpendWise/SpendWiseWeb/tsconfig.json'
error TS6305: Output file 'D:/Shivam/SpendWise/SpendWiseWeb/src/components/ui/switch.d.ts' has not been built from source file 'D:/Shivam/SpendWise/SpendWiseWeb/src/components/ui/switch.tsx'.
  The file is in the program because:
    Matched by include pattern '**/*.tsx' in 'D:/Shivam/SpendWise/SpendWiseWeb/tsconfig.json'
error TS6305: Output file 'D:/Shivam/SpendWise/SpendWiseWeb/src/components/ui/table.d.ts' has not been built from source file 'D:/Shivam/SpendWise/SpendWiseWeb/src/components/ui/table.tsx'.
  The file is in the program because:
    Matched by include pattern '**/*.tsx' in 'D:/Shivam/SpendWise/SpendWiseWeb/tsconfig.json'
error TS6305: Output file 'D:/Shivam/SpendWise/SpendWiseWeb/src/components/ui/tabs.d.ts' has not been built from source file 'D:/Shivam/SpendWise/SpendWiseWeb/src/components/ui/tabs.tsx'.
  The file is in the program because:
    Matched by include pattern '**/*.tsx' in 'D:/Shivam/SpendWise/SpendWiseWeb/tsconfig.json'
error TS6305: Output file 'D:/Shivam/SpendWise/SpendWiseWeb/src/components/ui/textarea.d.ts' has not been built from source file 'D:/Shivam/SpendWise/SpendWiseWeb/src/components/ui/textarea.tsx'.
  The file is in the program because:
    Matched by include pattern '**/*.tsx' in 'D:/Shivam/SpendWise/SpendWiseWeb/tsconfig.json'
error TS6305: Output file 'D:/Shivam/SpendWise/SpendWiseWeb/src/components/ui/toast.d.ts' has not been built from source file 'D:/Shivam/SpendWise/SpendWiseWeb/src/components/ui/toast.tsx'.
  The file is in the program because:
    Matched by include pattern '**/*.tsx' in 'D:/Shivam/SpendWise/SpendWiseWeb/tsconfig.json'
error TS6305: Output file 'D:/Shivam/SpendWise/SpendWiseWeb/src/components/ui/toaster.d.ts' has not been built from source file 'D:/Shivam/SpendWise/SpendWiseWeb/src/components/ui/toaster.tsx'.
  The file is in the program because:
    Matched by include pattern '**/*.tsx' in 'D:/Shivam/SpendWise/SpendWiseWeb/tsconfig.json'
error TS6305: Output file 'D:/Shivam/SpendWise/SpendWiseWeb/src/components/ui/toggle-group.d.ts' has not been built from source file 'D:/Shivam/SpendWise/SpendWiseWeb/src/components/ui/toggle-group.tsx'.
  The file is in the program because:
    Matched by include pattern '**/*.tsx' in 'D:/Shivam/SpendWise/SpendWiseWeb/tsconfig.json'
error TS6305: Output file 'D:/Shivam/SpendWise/SpendWiseWeb/src/components/ui/toggle.d.ts' has not been built from source file 'D:/Shivam/SpendWise/SpendWiseWeb/src/components/ui/toggle.tsx'.
  The file is in the program because:
    Matched by include pattern '**/*.tsx' in 'D:/Shivam/SpendWise/SpendWiseWeb/tsconfig.json'
error TS6305: Output file 'D:/Shivam/SpendWise/SpendWiseWeb/src/components/ui/tooltip.d.ts' has not been built from source file 'D:/Shivam/SpendWise/SpendWiseWeb/src/components/ui/tooltip.tsx'.
  The file is in the program because:
    Matched by include pattern '**/*.tsx' in 'D:/Shivam/SpendWise/SpendWiseWeb/tsconfig.json'
error TS6305: Output file 'D:/Shivam/SpendWise/SpendWiseWeb/src/components/ui/use-toast.d.ts' has not been built from source file 'D:/Shivam/SpendWise/SpendWiseWeb/src/components/ui/use-toast.ts'.
  The file is in the program because:
    Matched by include pattern '**/*.ts' in 'D:/Shivam/SpendWise/SpendWiseWeb/tsconfig.json'
error TS6305: Output file 'D:/Shivam/SpendWise/SpendWiseWeb/src/hooks/use-mobile.d.ts' has not been built from source file 'D:/Shivam/SpendWise/SpendWiseWeb/src/hooks/use-mobile.tsx'.
  The file is in the program because:
    Matched by include pattern '**/*.tsx' in 'D:/Shivam/SpendWise/SpendWiseWeb/tsconfig.json'
error TS6305: Output file 'D:/Shivam/SpendWise/SpendWiseWeb/src/hooks/use-toast.d.ts' has not been built from source file 'D:/Shivam/SpendWise/SpendWiseWeb/src/hooks/use-toast.ts'.
  The file is in the program because:
    Matched by include pattern '**/*.ts' in 'D:/Shivam/SpendWise/SpendWiseWeb/tsconfig.json'
error TS6305: Output file 'D:/Shivam/SpendWise/SpendWiseWeb/src/hooks/useCategories.d.ts' has not been built from source file 'D:/Shivam/SpendWise/SpendWiseWeb/src/hooks/useCategories.ts'.
  The file is in the program because:
    Matched by include pattern '**/*.ts' in 'D:/Shivam/SpendWise/SpendWiseWeb/tsconfig.json'
error TS6305: Output file 'D:/Shivam/SpendWise/SpendWiseWeb/src/hooks/useExpenses.d.ts' has not been built from source file 'D:/Shivam/SpendWise/SpendWiseWeb/src/hooks/useExpenses.ts'.
  The file is in the program because:
    Matched by include pattern '**/*.ts' in 'D:/Shivam/SpendWise/SpendWiseWeb/tsconfig.json'
error TS6305: Output file 'D:/Shivam/SpendWise/SpendWiseWeb/src/integrations/supabase/client.d.ts' has not been built from source file 'D:/Shivam/SpendWise/SpendWiseWeb/src/integrations/supabase/client.ts'.
  The file is in the program because:
    Matched by include pattern '**/*.ts' in 'D:/Shivam/SpendWise/SpendWiseWeb/tsconfig.json'
error TS6305: Output file 'D:/Shivam/SpendWise/SpendWiseWeb/src/integrations/supabase/types.d.ts' has not been built from source file 'D:/Shivam/SpendWise/SpendWiseWeb/src/integrations/supabase/types.ts'.
  The file is in the program because:
    Matched by include pattern '**/*.ts' in 'D:/Shivam/SpendWise/SpendWiseWeb/tsconfig.json'
error TS6305: Output file 'D:/Shivam/SpendWise/SpendWiseWeb/src/lib/email.d.ts' has not been built from source file 'D:/Shivam/SpendWise/SpendWiseWeb/src/lib/email.ts'.
  The file is in the program because:
    Matched by include pattern '**/*.ts' in 'D:/Shivam/SpendWise/SpendWiseWeb/tsconfig.json'
error TS6305: Output file 'D:/Shivam/SpendWise/SpendWiseWeb/src/lib/prisma.d.ts' has not been built from source file 'D:/Shivam/SpendWise/SpendWiseWeb/src/lib/prisma.ts'.
  The file is in the program because:
    Matched by include pattern '**/*.ts' in 'D:/Shivam/SpendWise/SpendWiseWeb/tsconfig.json'
error TS6305: Output file 'D:/Shivam/SpendWise/SpendWiseWeb/src/lib/utils.d.ts' has not been built from source file 'D:/Shivam/SpendWise/SpendWiseWeb/src/lib/utils.ts'.
  The file is in the program because:
    Matched by include pattern '**/*.ts' in 'D:/Shivam/SpendWise/SpendWiseWeb/tsconfig.json'
error TS6305: Output file 'D:/Shivam/SpendWise/SpendWiseWeb/src/middleware.d.ts' has not been built from source file 'D:/Shivam/SpendWise/SpendWiseWeb/src/middleware.ts'.
  The file is in the program because:
    Matched by include pattern '**/*.ts' in 'D:/Shivam/SpendWise/SpendWiseWeb/tsconfig.json'
error TS6305: Output file 'D:/Shivam/SpendWise/SpendWiseWeb/src/test/example.test.d.ts' has not been built from source file 'D:/Shivam/SpendWise/SpendWiseWeb/src/test/example.test.ts'.
  The file is in the program because:
    Matched by include pattern '**/*.ts' in 'D:/Shivam/SpendWise/SpendWiseWeb/tsconfig.json'
error TS6305: Output file 'D:/Shivam/SpendWise/SpendWiseWeb/src/test/setup.d.ts' has not been built from source file 'D:/Shivam/SpendWise/SpendWiseWeb/src/test/setup.ts'.
  The file is in the program because:
    Matched by include pattern '**/*.ts' in 'D:/Shivam/SpendWise/SpendWiseWeb/tsconfig.json'
error TS6305: Output file 'D:/Shivam/SpendWise/SpendWiseWeb/vite.config.d.ts' has not been built from source file 'D:/Shivam/SpendWise/SpendWiseWeb/vite.config.ts'.
  The file is in the program because:
    Matched by include pattern '**/*.ts' in 'D:/Shivam/SpendWise/SpendWiseWeb/tsconfig.json'
tsconfig.json(4,5): error TS6306: Referenced project 'D:/Shivam/SpendWise/SpendWiseWeb/tsconfig.app.json' must have setting "composite": true.
tsconfig.json(4,5): error TS6310: Referenced project 'D:/Shivam/SpendWise/SpendWiseWeb/tsconfig.app.json' may not disable emit.
tsconfig.json(7,5): error TS6306: Referenced project 'D:/Shivam/SpendWise/SpendWiseWeb/tsconfig.node.json' must have setting "composite": true.
tsconfig.json(7,5): error TS6310: Referenced project 'D:/Shivam/SpendWise/SpendWiseWeb/tsconfig.node.json' may not disable emit.
